16:16:00 **** Incremental Build of configuration Debug for project Example5 ****
make -j8 all 
arm-none-eabi-gcc "../Src/main.c" -mcpu=cortex-m4 -std=gnu11 -g3 -DDEBUG -DNUCLEO_F411RE -DSTM32 -DSTM32F4 -DSTM32F411RETx -c -I../Inc -O0 -ffunction-sections -fdata-sections -Wall -fstack-usage -MMD -MP -MF"Src/main.d" -MT"Src/main.o" --specs=nano.specs -mfpu=fpv4-sp-d16 -mfloat-abi=hard -mthumb -o "Src/main.o"
../Src/main.c: In function 'main':
../Src/main.c:15:12: warning: unused variable 'pGPIOCMODER' [-Wunused-variable]
   15 |  uint32_t *pGPIOCMODER    = (uint32_t*)0X40020800;
      |            ^~~~~~~~~~~
arm-none-eabi-gcc -o "Example5.elf" @"objects.list"   -mcpu=cortex-m4 -T"C:\Users\Dell\Desktop\ESD ARMCORTEXM4-DEMO\Target\Example5\STM32F411RETX_FLASH.ld" --specs=nosys.specs -Wl,-Map="Example5.map" -Wl,--gc-sections -static --specs=nano.specs -mfpu=fpv4-sp-d16 -mfloat-abi=hard -mthumb -Wl,--start-group -lc -lm -Wl,--end-group
Finished building target: Example5.elf
 
arm-none-eabi-size   Example5.elf 
arm-none-eabi-objdump -h -S  Example5.elf  > "Example5.list"
   text	   data	    bss	    dec	    hex	filename
    816	      8	   1568	   2392	    958	Example5.elf
Finished building: default.size.stdout
 
Finished building: Example5.list
 

16:16:02 Build Finished. 0 errors, 1 warnings. (took 1s.740ms)

