19:11:51 **** Incremental Build of configuration Debug for project LCD ****
make -j8 all 
arm-none-eabi-size  LCD.elf 
   text	   data	    bss	    dec	    hex	filename
   1076	     16	   1568	   2660	    a64	LCD.elf
Finished building: default.size.stdout
 
19:11:59 **** Incremental Build of configuration Debug for project LCD ****
make -j8 all 
arm-none-eabi-size  LCD.elf 
   text	   data	    bss	    dec	    hex	filename
   1076	     16	   1568	   2660	    a64	LCD.elf
Finished building: default.size.stdout
 
19:15:49 **** Incremental Build of configuration Debug for project LCD ****
make -j8 all 
arm-none-eabi-size  LCD.elf 
   text	   data	    bss	    dec	    hex	filename
   1076	     16	   1568	   2660	    a64	LCD.elf
Finished building: default.size.stdout
 
