12:48:38 **** Incremental Build of configuration Debug for project interrupt ****
make -j8 all 
arm-none-eabi-gcc "../Src/main.c" -mcpu=cortex-m4 -std=gnu11 -g3 -DDEBUG -DNUCLEO_F411RE -DSTM32 -DSTM32F4 -DSTM32F411RETx -c -I../Inc -O0 -ffunction-sections -fdata-sections -Wall -fstack-usage -MMD -MP -MF"Src/main.d" -MT"Src/main.o" --specs=nano.specs -mfpu=fpv4-sp-d16 -mfloat-abi=hard -mthumb -o "Src/main.o"
arm-none-eabi-gcc -o "interrupt.elf" @"objects.list"   -mcpu=cortex-m4 -T"C:\Users\Dell\Desktop\ESD ARMCORTEXM4-DEMO\Target\interrupt\STM32F411RETX_FLASH.ld" --specs=nosys.specs -Wl,-Map="interrupt.map" -Wl,--gc-sections -static --specs=nano.specs -mfpu=fpv4-sp-d16 -mfloat-abi=hard -mthumb -Wl,--start-group -lc -lm -Wl,--end-group
Finished building target: interrupt.elf
 
arm-none-eabi-size   interrupt.elf 
arm-none-eabi-objdump -h -S  interrupt.elf  > "interrupt.list"
   text	   data	    bss	    dec	    hex	filename
   5268	    108	   1588	   6964	   1b34	interrupt.elf
Finished building: default.size.stdout
 
Finished building: interrupt.list
 

12:48:41 Build Finished. 0 errors, 0 warnings. (took 2s.615ms)

