18:38:59 **** Incremental Build of configuration Debug for project Example6 ****
make -j8 all 
arm-none-eabi-gcc "../Src/main.c" -mcpu=cortex-m4 -std=gnu11 -g3 -DDEBUG -DNUCLEO_F411RE -DSTM32 -DSTM32F4 -DSTM32F411RETx -c -I../Inc -O0 -ffunction-sections -fdata-sections -Wall -fstack-usage -MMD -MP -MF"Src/main.d" -MT"Src/main.o" --specs=nano.specs -mfpu=fpv4-sp-d16 -mfloat-abi=hard -mthumb -o "Src/main.o"
arm-none-eabi-gcc -o "Example6.elf" @"objects.list"   -mcpu=cortex-m4 -T"C:\Users\Dell\Desktop\ESD ARMCORTEXM4-DEMO\Target\Example6\STM32F411RETX_FLASH.ld" --specs=nosys.specs -Wl,-Map="Example6.map" -Wl,--gc-sections -static --specs=nano.specs -mfpu=fpv4-sp-d16 -mfloat-abi=hard -mthumb -Wl,--start-group -lc -lm -Wl,--end-group
Finished building target: Example6.elf
 
arm-none-eabi-size   Example6.elf 
arm-none-eabi-objdump -h -S  Example6.elf  > "Example6.list"
   text	   data	    bss	    dec	    hex	filename
   5756	    108	   1588	   7452	   1d1c	Example6.elf
Finished building: default.size.stdout
 
Finished building: Example6.list
 

18:38:59 Build Finished. 0 errors, 0 warnings. (took 549ms)

