14:25:49 **** Incremental Build of configuration Debug for project UARTTX ****
make -j8 all 
arm-none-eabi-gcc "../Src/main.c" -mcpu=cortex-m4 -std=gnu11 -g3 -DDEBUG -DNUCLEO_F411RE -DSTM32 -DSTM32F4 -DSTM32F411RETx -c -I../Inc -O0 -ffunction-sections -fdata-sections -Wall -fstack-usage -MMD -MP -MF"Src/main.d" -MT"Src/main.o" --specs=nano.specs -mfpu=fpv4-sp-d16 -mfloat-abi=hard -mthumb -o "Src/main.o"
../Src/main.c: In function 'main':
../Src/main.c:69:3: warning: implicit declaration of function 'printf' [-Wimplicit-function-declaration]
   69 |   printf("Hello world");
      |   ^~~~~~
../Src/main.c:69:3: warning: incompatible implicit declaration of built-in function 'printf'
../Src/main.c:3:1: note: include '<stdio.h>' or provide a declaration of 'printf'
    2 | #include <stdint.h>
  +++ |+#include <stdio.h>
    3 | 
arm-none-eabi-gcc -o "UARTTX.elf" @"objects.list"   -mcpu=cortex-m4 -T"C:\Users\Dell\Desktop\ESD ARMCORTEXM4-DEMO\Target\UARTTX\STM32F411RETX_FLASH.ld" --specs=nosys.specs -Wl,-Map="UARTTX.map" -Wl,--gc-sections -static --specs=nano.specs -mfpu=fpv4-sp-d16 -mfloat-abi=hard -mthumb -Wl,--start-group -lc -lm -Wl,--end-group
Finished building target: UARTTX.elf
 
arm-none-eabi-size   UARTTX.elf 
arm-none-eabi-objdump -h -S  UARTTX.elf  > "UARTTX.list"
   text	   data	    bss	    dec	    hex	filename
   5508	    140	   1588	   7236	   1c44	UARTTX.elf
Finished building: default.size.stdout
 
Finished building: UARTTX.list
 
14:34:47 **** Incremental Build of configuration Debug for project UARTTX ****
make -j8 all 
arm-none-eabi-size   UARTTX.elf 
   text	   data	    bss	    dec	    hex	filename
   5508	    140	   1588	   7236	   1c44	UARTTX.elf
Finished building: default.size.stdout
 
14:48:49 **** Incremental Build of configuration Debug for project UARTTX ****
make -j8 all 
arm-none-eabi-size   UARTTX.elf 
   text	   data	    bss	    dec	    hex	filename
   5508	    140	   1588	   7236	   1c44	UARTTX.elf
Finished building: default.size.stdout
 
14:50:45 **** Incremental Build of configuration Debug for project UARTTX ****
make -j8 all 
arm-none-eabi-gcc "../Src/main.c" -mcpu=cortex-m4 -std=gnu11 -g3 -DDEBUG -DNUCLEO_F411RE -DSTM32 -DSTM32F4 -DSTM32F411RETx -c -I../Inc -O0 -ffunction-sections -fdata-sections -Wall -fstack-usage -MMD -MP -MF"Src/main.d" -MT"Src/main.o" --specs=nano.specs -mfpu=fpv4-sp-d16 -mfloat-abi=hard -mthumb -o "Src/main.o"
../Src/main.c: In function 'main':
../Src/main.c:69:3: warning: implicit declaration of function 'printf' [-Wimplicit-function-declaration]
   69 |   printf("Hello world \r \n");
      |   ^~~~~~
../Src/main.c:69:3: warning: incompatible implicit declaration of built-in function 'printf'
../Src/main.c:3:1: note: include '<stdio.h>' or provide a declaration of 'printf'
    2 | #include <stdint.h>
  +++ |+#include <stdio.h>
    3 | 
arm-none-eabi-gcc -o "UARTTX.elf" @"objects.list"   -mcpu=cortex-m4 -T"C:\Users\Dell\Desktop\ESD ARMCORTEXM4-DEMO\Target\UARTTX\STM32F411RETX_FLASH.ld" --specs=nosys.specs -Wl,-Map="UARTTX.map" -Wl,--gc-sections -static --specs=nano.specs -mfpu=fpv4-sp-d16 -mfloat-abi=hard -mthumb -Wl,--start-group -lc -lm -Wl,--end-group
Finished building target: UARTTX.elf
 
arm-none-eabi-size   UARTTX.elf 
arm-none-eabi-objdump -h -S  UARTTX.elf  > "UARTTX.list"
   text	   data	    bss	    dec	    hex	filename
   3988	    140	   1588	   5716	   1654	UARTTX.elf
Finished building: default.size.stdout
 
Finished building: UARTTX.list
 
