16:48:29 **** Incremental Build of configuration Debug for project Interruptdemo ****
make -j8 all 
arm-none-eabi-gcc "../Src/main.c" -mcpu=cortex-m4 -std=gnu11 -g3 -DDEBUG -DNUCLEO_F411RE -DSTM32 -DSTM32F4 -DSTM32F411RETx -c -I../Inc -O0 -ffunction-sections -fdata-sections -Wall -fstack-usage -MMD -MP -MF"Src/main.d" -MT"Src/main.o" --specs=nano.specs -mfpu=fpv4-sp-d16 -mfloat-abi=hard -mthumb -o "Src/main.o"
arm-none-eabi-gcc -o "Interruptdemo.elf" @"objects.list"   -mcpu=cortex-m4 -T"C:\Users\Dell\Desktop\ESD ARMCORTEXM4-DEMO\Target\Interruptdemo\STM32F411RETX_FLASH.ld" --specs=nosys.specs -Wl,-Map="Interruptdemo.map" -Wl,--gc-sections -static --specs=nano.specs -mfpu=fpv4-sp-d16 -mfloat-abi=hard -mthumb -Wl,--start-group -lc -lm -Wl,--end-group
Finished building target: Interruptdemo.elf
 
arm-none-eabi-size   Interruptdemo.elf 
arm-none-eabi-objdump -h -S  Interruptdemo.elf  > "Interruptdemo.list"
   text	   data	    bss	    dec	    hex	filename
   5268	    108	   1588	   6964	   1b34	Interruptdemo.elf
Finished building: default.size.stdout
 
Finished building: Interruptdemo.list
 

16:48:31 Build Finished. 0 errors, 0 warnings. (took 2s.218ms)

