13:45:18 **** Incremental Build of configuration Debug for project PWM ****
make -j8 all 
arm-none-eabi-gcc "../Src/main.c" -mcpu=cortex-m4 -std=gnu11 -g3 -DDEBUG -DSTM32F401xE -DNUCLEO_F401RE -DSTM32 -DSTM32F401RETx -DSTM32F4 -c -I../Inc -I"C:/Users/pragn/STM32Cube/Repository/STM32Cube_FW_F4_V1.27.1/Drivers/CMSIS/Include" -I"C:/Users/pragn/STM32Cube/Repository/STM32Cube_FW_F4_V1.27.1/Drivers/CMSIS/Device/ST/STM32F4xx/Include" -O0 -ffunction-sections -fdata-sections -Wall -fstack-usage -fcyclomatic-complexity -MMD -MP -MF"Src/main.d" -MT"Src/main.o" --specs=nano.specs -mfpu=fpv4-sp-d16 -mfloat-abi=hard -mthumb -o "Src/main.o"
arm-none-eabi-gcc -o "PWM.elf" @"objects.list"   -mcpu=cortex-m4 -T"C:\Users\pragn\OneDrive\Desktop\GitHub\ARM_Cortex_M4\Learning\DAY23-PWM\PWM\STM32F401RETX_FLASH.ld" --specs=nosys.specs -Wl,-Map="PWM.map" -Wl,--gc-sections -static --specs=nano.specs -mfpu=fpv4-sp-d16 -mfloat-abi=hard -mthumb -Wl,--start-group -lc -lm -Wl,--end-group
Finished building target: PWM.elf
 
arm-none-eabi-size  PWM.elf 
arm-none-eabi-objdump -h -S PWM.elf  > "PWM.list"
   text	   data	    bss	    dec	    hex	filename
    780	      0	   1568	   2348	    92c	PWM.elf
Finished building: default.size.stdout
 
Finished building: PWM.list
 
13:45:23 **** Incremental Build of configuration Debug for project PWM ****
make -j8 all 
arm-none-eabi-size  PWM.elf 
   text	   data	    bss	    dec	    hex	filename
    780	      0	   1568	   2348	    92c	PWM.elf
Finished building: default.size.stdout
 
13:48:02 **** Incremental Build of configuration Debug for project PWM ****
make -j8 all 
arm-none-eabi-size  PWM.elf 
   text	   data	    bss	    dec	    hex	filename
    780	      0	   1568	   2348	    92c	PWM.elf
Finished building: default.size.stdout
 
