../Src/main.c:65:5:main	8	static
../Src/main.c:78:6:idle_task	4	static
../Src/main.c:84:6:Task1_Handler	8	static
../Src/main.c:97:6:Task2_Handler	8	static
../Src/main.c:108:6:Task3_Handler	8	static
../Src/main.c:119:6:Task4_Handler	8	static
../Src/main.c:133:6:init_systick_timer	32	static
../Src/main.c:157:29:init_scheduler_stack	0	static,ignoring_inline_asm
../Src/main.c:168:6:init_tasks_stack	24	static
../Src/main.c:219:6:enable_processor_faults	16	static
../Src/main.c:229:10:get_psp_value	4	static
../Src/main.c:236:6:save_psp_value	16	static
../Src/main.c:242:6:update_next_task	4	static
../Src/main.c:252:29:switch_sp_to_psp	0	static,ignoring_inline_asm
../Src/main.c:284:25:SysTick_Handler	0	static,ignoring_inline_asm
../Src/main.c:311:6:HardFault_Handler	8	static
../Src/main.c:318:6:MemManage_Handler	8	static
../Src/main.c:324:6:BusFault_Handler	8	static
