12:34:27 **** Incremental Build of configuration Debug for project UART Rx ****
make -j8 all 
arm-none-eabi-gcc "../Src/main.c" -mcpu=cortex-m4 -std=gnu11 -g3 -DDEBUG -DNUCLEO_F401RE -DSTM32 -DSTM32F401RETx -DSTM32F4 -c -I../Inc -O0 -ffunction-sections -fdata-sections -Wall -fstack-usage -fcyclomatic-complexity -MMD -MP -MF"Src/main.d" -MT"Src/main.o" --specs=nano.specs -mfpu=fpv4-sp-d16 -mfloat-abi=hard -mthumb -o "Src/main.o"
../Src/main.c: In function 'main':
../Src/main.c:93:9: warning: implicit declaration of function 'printf' [-Wimplicit-function-declaration]
   93 |         printf("Enter the loop \n");
      |         ^~~~~~
../Src/main.c:3:1: note: include '<stdio.h>' or provide a declaration of 'printf'
    2 | #include <stdint.h>
  +++ |+#include <stdio.h>
    3 | 
../Src/main.c:93:9: warning: incompatible implicit declaration of built-in function 'printf' [-Wbuiltin-declaration-mismatch]
   93 |         printf("Enter the loop \n");
      |         ^~~~~~
../Src/main.c:93:9: note: include '<stdio.h>' or provide a declaration of 'printf'
arm-none-eabi-gcc -o "UART Rx.elf" @"objects.list"   -mcpu=cortex-m4 -T"C:\Users\pragn\OneDrive\Desktop\GitHub\ARM_Cortex_M4\Learning\DAY15-UART Rx\UART Rx\STM32F401RETX_FLASH.ld" --specs=nosys.specs -Wl,-Map="UART Rx.map" -Wl,--gc-sections -static --specs=nano.specs -mfpu=fpv4-sp-d16 -mfloat-abi=hard -mthumb -Wl,--start-group -lc -lm -Wl,--end-group
Finished building target: UART Rx.elf
 
arm-none-eabi-size  UART\ Rx.elf 
arm-none-eabi-objdump -h -S UART\ Rx.elf  > "UART Rx.list"
   text	   data	    bss	    dec	    hex	filename
   5600	    128	   1904	   7632	   1dd0	UART Rx.elf
Finished building: default.size.stdout
 
Finished building: UART Rx.list
 

12:34:27 Build Finished. 0 errors, 2 warnings. (took 515ms)

