../Src/main.c:35:6:Basic_Commands	8	static
../Src/main.c:45:6:Wifi_Conn_Commands	8	static
../Src/main.c:56:6:Wifi_acc	8	static
../Src/main.c:63:6:Thing_Speak_Command_Start	8	static
../Src/main.c:71:6:Data_Commands	8	static
../Src/main.c:91:6:Init_ESP8266	8	static
../Src/main.c:98:6:integer_to_ascii	16	static
../Src/main.c:110:6:Delay_ms	24	static
../Src/main.c:123:6:UART1_Read	4	static
../Src/main.c:130:6:UART1_Write	16	static
../Src/main.c:137:6:UART1_Init	4	static
../Src/main.c:169:5:__io_putchar	16	static
../Src/main.c:176:5:main	16	static
