12:51:14 **** Incremental Build of configuration Debug for project Example3 ****
make -j8 all 
arm-none-eabi-gcc "../Src/main.c" -mcpu=cortex-m4 -std=gnu11 -g3 -DDEBUG -DNUCLEO_F411RE -DSTM32 -DSTM32F4 -DSTM32F411RETx -c -I../Inc -O0 -ffunction-sections -fdata-sections -Wall -fstack-usage -MMD -MP -MF"Src/main.d" -MT"Src/main.o" --specs=nano.specs -mfpu=fpv4-sp-d16 -mfloat-abi=hard -mthumb -o "Src/main.o"
../Src/main.c: In function 'main':
../Src/main.c:13:12: warning: unused variable 'pGPIOCMODER' [-Wunused-variable]
   13 |  uint32_t *pGPIOCMODER   =(uint32_t*)0x40020800;
      |            ^~~~~~~~~~~
arm-none-eabi-gcc -o "Example3.elf" @"objects.list"   -mcpu=cortex-m4 -T"C:\Users\Dell\Desktop\ESD ARMCORTEXM4-DEMO\Target\Example3\STM32F411RETX_FLASH.ld" --specs=nosys.specs -Wl,-Map="Example3.map" -Wl,--gc-sections -static --specs=nano.specs -mfpu=fpv4-sp-d16 -mfloat-abi=hard -mthumb -Wl,--start-group -lc -lm -Wl,--end-group
Finished building target: Example3.elf
 
arm-none-eabi-size   Example3.elf 
arm-none-eabi-objdump -h -S  Example3.elf  > "Example3.list"
   text	   data	    bss	    dec	    hex	filename
    804	      8	   1568	   2380	    94c	Example3.elf
Finished building: default.size.stdout
 
Finished building: Example3.list
 
12:51:49 **** Incremental Build of configuration Debug for project Example3 ****
make -j8 all 
arm-none-eabi-size   Example3.elf 
   text	   data	    bss	    dec	    hex	filename
    804	      8	   1568	   2380	    94c	Example3.elf
Finished building: default.size.stdout
 
12:52:39 **** Incremental Build of configuration Debug for project Example3 ****
make -j8 all 
arm-none-eabi-gcc "../Src/main.c" -mcpu=cortex-m4 -std=gnu11 -g3 -DDEBUG -DNUCLEO_F411RE -DSTM32 -DSTM32F4 -DSTM32F411RETx -c -I../Inc -O0 -ffunction-sections -fdata-sections -Wall -fstack-usage -MMD -MP -MF"Src/main.d" -MT"Src/main.o" --specs=nano.specs -mfpu=fpv4-sp-d16 -mfloat-abi=hard -mthumb -o "Src/main.o"
../Src/main.c: In function 'main':
../Src/main.c:13:12: warning: unused variable 'pGPIOCMODER' [-Wunused-variable]
   13 |  uint32_t *pGPIOCMODER   =(uint32_t*)0x40020800;
      |            ^~~~~~~~~~~
arm-none-eabi-gcc -o "Example3.elf" @"objects.list"   -mcpu=cortex-m4 -T"C:\Users\Dell\Desktop\ESD ARMCORTEXM4-DEMO\Target\Example3\STM32F411RETX_FLASH.ld" --specs=nosys.specs -Wl,-Map="Example3.map" -Wl,--gc-sections -static --specs=nano.specs -mfpu=fpv4-sp-d16 -mfloat-abi=hard -mthumb -Wl,--start-group -lc -lm -Wl,--end-group
Finished building target: Example3.elf
 
arm-none-eabi-size   Example3.elf 
arm-none-eabi-objdump -h -S  Example3.elf  > "Example3.list"
   text	   data	    bss	    dec	    hex	filename
    804	      8	   1568	   2380	    94c	Example3.elf
Finished building: default.size.stdout
 
Finished building: Example3.list
 
12:54:31 **** Incremental Build of configuration Debug for project Example3 ****
make -j8 all 
arm-none-eabi-gcc "../Src/main.c" -mcpu=cortex-m4 -std=gnu11 -g3 -DDEBUG -DNUCLEO_F411RE -DSTM32 -DSTM32F4 -DSTM32F411RETx -c -I../Inc -O0 -ffunction-sections -fdata-sections -Wall -fstack-usage -MMD -MP -MF"Src/main.d" -MT"Src/main.o" --specs=nano.specs -mfpu=fpv4-sp-d16 -mfloat-abi=hard -mthumb -o "Src/main.o"
../Src/main.c: In function 'main':
../Src/main.c:13:12: warning: unused variable 'pGPIOCMODER' [-Wunused-variable]
   13 |  uint32_t *pGPIOCMODER   =(uint32_t*)0x40020800;
      |            ^~~~~~~~~~~
arm-none-eabi-gcc -o "Example3.elf" @"objects.list"   -mcpu=cortex-m4 -T"C:\Users\Dell\Desktop\ESD ARMCORTEXM4-DEMO\Target\Example3\STM32F411RETX_FLASH.ld" --specs=nosys.specs -Wl,-Map="Example3.map" -Wl,--gc-sections -static --specs=nano.specs -mfpu=fpv4-sp-d16 -mfloat-abi=hard -mthumb -Wl,--start-group -lc -lm -Wl,--end-group
Finished building target: Example3.elf
 
arm-none-eabi-size   Example3.elf 
arm-none-eabi-objdump -h -S  Example3.elf  > "Example3.list"
   text	   data	    bss	    dec	    hex	filename
    816	      8	   1568	   2392	    958	Example3.elf
Finished building: default.size.stdout
 
Finished building: Example3.list
 
12:55:26 **** Incremental Build of configuration Debug for project Example3 ****
make -j8 all 
arm-none-eabi-gcc "../Src/main.c" -mcpu=cortex-m4 -std=gnu11 -g3 -DDEBUG -DNUCLEO_F411RE -DSTM32 -DSTM32F4 -DSTM32F411RETx -c -I../Inc -O0 -ffunction-sections -fdata-sections -Wall -fstack-usage -MMD -MP -MF"Src/main.d" -MT"Src/main.o" --specs=nano.specs -mfpu=fpv4-sp-d16 -mfloat-abi=hard -mthumb -o "Src/main.o"
../Src/main.c: In function 'main':
../Src/main.c:13:12: warning: unused variable 'pGPIOCMODER' [-Wunused-variable]
   13 |  uint32_t *pGPIOCMODER   =(uint32_t*)0x40020800;
      |            ^~~~~~~~~~~
arm-none-eabi-gcc -o "Example3.elf" @"objects.list"   -mcpu=cortex-m4 -T"C:\Users\Dell\Desktop\ESD ARMCORTEXM4-DEMO\Target\Example3\STM32F411RETX_FLASH.ld" --specs=nosys.specs -Wl,-Map="Example3.map" -Wl,--gc-sections -static --specs=nano.specs -mfpu=fpv4-sp-d16 -mfloat-abi=hard -mthumb -Wl,--start-group -lc -lm -Wl,--end-group
Finished building target: Example3.elf
 
arm-none-eabi-size   Example3.elf 
arm-none-eabi-objdump -h -S  Example3.elf  > "Example3.list"
   text	   data	    bss	    dec	    hex	filename
    816	      8	   1568	   2392	    958	Example3.elf
Finished building: default.size.stdout
 
Finished building: Example3.list
 
12:55:58 **** Incremental Build of configuration Debug for project Example3 ****
make -j8 all 
arm-none-eabi-gcc "../Src/main.c" -mcpu=cortex-m4 -std=gnu11 -g3 -DDEBUG -DNUCLEO_F411RE -DSTM32 -DSTM32F4 -DSTM32F411RETx -c -I../Inc -O0 -ffunction-sections -fdata-sections -Wall -fstack-usage -MMD -MP -MF"Src/main.d" -MT"Src/main.o" --specs=nano.specs -mfpu=fpv4-sp-d16 -mfloat-abi=hard -mthumb -o "Src/main.o"
../Src/main.c: In function 'main':
../Src/main.c:13:12: warning: unused variable 'pGPIOCMODER' [-Wunused-variable]
   13 |  uint32_t *pGPIOCMODER   =(uint32_t*)0x40020800;
      |            ^~~~~~~~~~~
arm-none-eabi-gcc -o "Example3.elf" @"objects.list"   -mcpu=cortex-m4 -T"C:\Users\Dell\Desktop\ESD ARMCORTEXM4-DEMO\Target\Example3\STM32F411RETX_FLASH.ld" --specs=nosys.specs -Wl,-Map="Example3.map" -Wl,--gc-sections -static --specs=nano.specs -mfpu=fpv4-sp-d16 -mfloat-abi=hard -mthumb -Wl,--start-group -lc -lm -Wl,--end-group
Finished building target: Example3.elf
 
arm-none-eabi-size   Example3.elf 
arm-none-eabi-objdump -h -S  Example3.elf  > "Example3.list"
   text	   data	    bss	    dec	    hex	filename
    768	      8	   1568	   2344	    928	Example3.elf
Finished building: default.size.stdout
 
Finished building: Example3.list
 
12:56:55 **** Incremental Build of configuration Debug for project Example3 ****
make -j8 all 
arm-none-eabi-gcc "../Src/main.c" -mcpu=cortex-m4 -std=gnu11 -g3 -DDEBUG -DNUCLEO_F411RE -DSTM32 -DSTM32F4 -DSTM32F411RETx -c -I../Inc -O0 -ffunction-sections -fdata-sections -Wall -fstack-usage -MMD -MP -MF"Src/main.d" -MT"Src/main.o" --specs=nano.specs -mfpu=fpv4-sp-d16 -mfloat-abi=hard -mthumb -o "Src/main.o"
../Src/main.c: In function 'main':
../Src/main.c:13:12: warning: unused variable 'pGPIOCMODER' [-Wunused-variable]
   13 |  uint32_t *pGPIOCMODER   =(uint32_t*)0x40020800;
      |            ^~~~~~~~~~~
arm-none-eabi-gcc -o "Example3.elf" @"objects.list"   -mcpu=cortex-m4 -T"C:\Users\Dell\Desktop\ESD ARMCORTEXM4-DEMO\Target\Example3\STM32F411RETX_FLASH.ld" --specs=nosys.specs -Wl,-Map="Example3.map" -Wl,--gc-sections -static --specs=nano.specs -mfpu=fpv4-sp-d16 -mfloat-abi=hard -mthumb -Wl,--start-group -lc -lm -Wl,--end-group
Finished building target: Example3.elf
 
arm-none-eabi-size   Example3.elf 
arm-none-eabi-objdump -h -S  Example3.elf  > "Example3.list"
   text	   data	    bss	    dec	    hex	filename
    816	      8	   1568	   2392	    958	Example3.elf
Finished building: default.size.stdout
 
Finished building: Example3.list
 
12:59:50 **** Incremental Build of configuration Debug for project Example3 ****
make -j8 all 
arm-none-eabi-gcc "../Src/main.c" -mcpu=cortex-m4 -std=gnu11 -g3 -DDEBUG -DNUCLEO_F411RE -DSTM32 -DSTM32F4 -DSTM32F411RETx -c -I../Inc -O0 -ffunction-sections -fdata-sections -Wall -fstack-usage -MMD -MP -MF"Src/main.d" -MT"Src/main.o" --specs=nano.specs -mfpu=fpv4-sp-d16 -mfloat-abi=hard -mthumb -o "Src/main.o"
../Src/main.c: In function 'main':
../Src/main.c:13:12: warning: unused variable 'pGPIOCMODER' [-Wunused-variable]
   13 |  uint32_t *pGPIOCMODER   =(uint32_t*)0x40020800;
      |            ^~~~~~~~~~~
arm-none-eabi-gcc -o "Example3.elf" @"objects.list"   -mcpu=cortex-m4 -T"C:\Users\Dell\Desktop\ESD ARMCORTEXM4-DEMO\Target\Example3\STM32F411RETX_FLASH.ld" --specs=nosys.specs -Wl,-Map="Example3.map" -Wl,--gc-sections -static --specs=nano.specs -mfpu=fpv4-sp-d16 -mfloat-abi=hard -mthumb -Wl,--start-group -lc -lm -Wl,--end-group
Finished building target: Example3.elf
 
arm-none-eabi-size   Example3.elf 
arm-none-eabi-objdump -h -S  Example3.elf  > "Example3.list"
   text	   data	    bss	    dec	    hex	filename
    816	      8	   1568	   2392	    958	Example3.elf
Finished building: default.size.stdout
 
Finished building: Example3.list
 
